// Jest Snapshot v1, https://goo.gl/fbAQLP

exports[`Organisms/ImageWithLegend should render snapshot 1`] = `
.c2 {
  color: #000;
  font-weight: 400;
  font-size: 14px;
  text-align: left;
  text-transform: none;
  -webkit-user-select: initial;
  -moz-user-select: initial;
  -ms-user-select: initial;
  user-select: initial;
  display: block;
  line-height: normal;
}

.c0 {
  -webkit-align-items: center;
  -webkit-box-align: center;
  -ms-flex-align: center;
  align-items: center;
  display: -webkit-box;
  display: -webkit-flex;
  display: -ms-flexbox;
  display: flex;
  -webkit-flex-direction: column;
  -ms-flex-direction: column;
  flex-direction: column;
}

.c1 {
  height: 60px;
  margin-bottom: 8px;
}

<div
  class=" c0"
  data-testid="div_ImageWithLegend"
>
  <img
    class="c1"
    src="recommended-mask.png"
  />
  <p
    class="c2"
    data-testid="text_Text"
  >
    Legend test
  </p>
</div>
`;
