// Jest Snapshot v1, https://goo.gl/fbAQLP

exports[`Atoms/Button should render snapshot 1`] = `
.c0 {
  background-color: #FFB612;
  border-radius: 4px;
  border-color: #FFB612;
  border-width: 1px;
  border-style: solid;
  cursor: pointer;
  font-weight: bold;
  padding: 12px;
  text-align: center;
  text-transform: normal;
  -webkit-user-select: none;
  -moz-user-select: none;
  -ms-user-select: none;
  user-select: none;
  word-wrap: break-word;
}

.c0:active {
  -webkit-filter: brightness(95%);
  filter: brightness(95%);
}

<div
  class="c0"
  data-testid="button_Button"
>
  Text Test
</div>
`;
