// Jest Snapshot v1, https://goo.gl/fbAQLP

exports[`Organisms/FormSelectHour should render snapshot 1`] = `
.c3 {
  color: #000;
  font-weight: 400;
  font-size: 14px;
  text-align: left;
  text-transform: none;
  -webkit-user-select: initial;
  -moz-user-select: initial;
  -ms-user-select: initial;
  user-select: initial;
  display: block;
  line-height: normal;
}

.c6 {
  color: #000;
  font-weight: 400;
  font-size: 14px;
  text-align: left;
  text-transform: none;
  -webkit-user-select: none;
  -moz-user-select: none;
  -ms-user-select: none;
  user-select: none;
  display: block;
  line-height: normal;
}

.c13 {
  color: #000;
  font-weight: 400;
  font-size: 14px;
  text-align: center;
  text-transform: none;
  -webkit-user-select: initial;
  -moz-user-select: initial;
  -ms-user-select: initial;
  user-select: initial;
  display: block;
  line-height: normal;
}

.c14 {
  color: #000;
  font-weight: bold;
  font-size: 20px;
  text-align: left;
  text-transform: none;
  -webkit-user-select: initial;
  -moz-user-select: initial;
  -ms-user-select: initial;
  user-select: initial;
  display: inline;
  line-height: normal;
}

.c0 {
  background-color: #fff;
  border-radius: 8px;
  box-shadow: 0px;
  border: 4px solid #F3F3F3;
  padding: 16px;
}

.c16 {
  background-color: #FFB612;
  border-radius: 4px;
  border-color: #FFB612;
  border-width: 1px;
  border-style: solid;
  cursor: pointer;
  font-weight: bold;
  padding: 12px;
  text-align: center;
  text-transform: uppercase;
  -webkit-user-select: none;
  -moz-user-select: none;
  -ms-user-select: none;
  user-select: none;
  word-wrap: break-word;
  -webkit-flex: 1;
  -ms-flex: 1;
  flex: 1;
}

.c16:active {
  -webkit-filter: brightness(95%);
  filter: brightness(95%);
}

.c17 {
  background-color: #fff;
  border-radius: 4px;
  border-color: #808080;
  border-width: 1px;
  border-style: solid;
  cursor: pointer;
  font-weight: bold;
  padding: 12px;
  text-align: center;
  text-transform: uppercase;
  -webkit-user-select: none;
  -moz-user-select: none;
  -ms-user-select: none;
  user-select: none;
  word-wrap: break-word;
  -webkit-flex: 1;
  -ms-flex: 1;
  flex: 1;
}

.c17:active {
  -webkit-filter: brightness(95%);
  filter: brightness(95%);
}

.c8 {
  -webkit-align-items: center;
  -webkit-box-align: center;
  -ms-flex-align: center;
  align-items: center;
  background-color: transparent;
  border: 3px solid #808080;
  border-radius: 50%;
  cursor: pointer;
  display: -webkit-box;
  display: -webkit-flex;
  display: -ms-flexbox;
  display: flex;
  height: 20px;
  -webkit-box-pack: center;
  -webkit-justify-content: center;
  -ms-flex-pack: center;
  justify-content: center;
  padding: 2px;
  width: 20px;
}

.c8:active {
  -webkit-filter: brightness(105%);
  filter: brightness(105%);
}

.c12 {
  -webkit-align-items: center;
  -webkit-box-align: center;
  -ms-flex-align: center;
  align-items: center;
  background-color: transparent;
  border: 3px solid #808080;
  border-radius: 4px;
  cursor: pointer;
  display: -webkit-box;
  display: -webkit-flex;
  display: -ms-flexbox;
  display: flex;
  height: 20px;
  -webkit-box-pack: center;
  -webkit-justify-content: center;
  -ms-flex-pack: center;
  justify-content: center;
  width: 20px;
}

.c12:active {
  -webkit-filter: brightness(105%);
  filter: brightness(105%);
}

.c4 {
  -webkit-align-items: center;
  -webkit-box-align: center;
  -ms-flex-align: center;
  align-items: center;
  display: -webkit-box;
  display: -webkit-flex;
  display: -ms-flexbox;
  display: flex;
  border-bottom: 1px solid #F3F3F3;
  cursor: initial;
  margin-bottom: 16px;
  padding: 8px 0;
}

.c7 {
  -webkit-align-items: center;
  -webkit-box-align: center;
  -ms-flex-align: center;
  align-items: center;
  display: -webkit-box;
  display: -webkit-flex;
  display: -ms-flexbox;
  display: flex;
  border-bottom: 1px solid #F3F3F3;
  cursor: pointer;
  margin-bottom: 0px;
  padding: 8px 0;
}

.c7:active {
  -webkit-filter: brightness(105%);
  filter: brightness(105%);
}

.c9 {
  -webkit-align-items: center;
  -webkit-box-align: center;
  -ms-flex-align: center;
  align-items: center;
  display: -webkit-box;
  display: -webkit-flex;
  display: -ms-flexbox;
  display: flex;
  border-bottom: 1px solid #F3F3F3;
  cursor: pointer;
  margin-bottom: 16px;
  padding: 8px 0;
}

.c9:active {
  -webkit-filter: brightness(105%);
  filter: brightness(105%);
}

.c11 {
  -webkit-align-items: center;
  -webkit-box-align: center;
  -ms-flex-align: center;
  align-items: center;
  display: -webkit-box;
  display: -webkit-flex;
  display: -ms-flexbox;
  display: flex;
  border-bottom: 1px solid transparent;
  cursor: pointer;
  margin-bottom: 0px;
  padding: 8px 0;
}

.c11:active {
  -webkit-filter: brightness(105%);
  filter: brightness(105%);
}

.c5 {
  -webkit-align-items: center;
  -webkit-box-align: center;
  -ms-flex-align: center;
  align-items: center;
  display: -webkit-box;
  display: -webkit-flex;
  display: -ms-flexbox;
  display: flex;
  gap: 8px;
  -webkit-box-flex: 1;
  -webkit-flex-grow: 1;
  -ms-flex-positive: 1;
  flex-grow: 1;
}

.c1 {
  -webkit-align-items: center;
  -webkit-box-align: center;
  -ms-flex-align: center;
  align-items: center;
  display: -webkit-box;
  display: -webkit-flex;
  display: -ms-flexbox;
  display: flex;
  gap: 12px;
  padding-bottom: 16px;
}

.c2 {
  height: 34px;
  width: 34px;
}

.c10 {
  display: -webkit-box;
  display: -webkit-flex;
  display: -ms-flexbox;
  display: flex;
  -webkit-flex-direction: column;
  -ms-flex-direction: column;
  flex-direction: column;
  gap: 16px;
}

.c15 {
  display: -webkit-box;
  display: -webkit-flex;
  display: -ms-flexbox;
  display: flex;
  -webkit-flex-direction: column;
  -ms-flex-direction: column;
  flex-direction: column;
  gap: 22px;
  margin: auto;
  margin-top: 16px;
  max-width: 770px;
}

@media (min-width:700px) {
  .c10 {
    -webkit-align-items: center;
    -webkit-box-align: center;
    -ms-flex-align: center;
    align-items: center;
    -webkit-flex-direction: row;
    -ms-flex-direction: row;
    flex-direction: row;
    -webkit-box-pack: justify;
    -webkit-justify-content: space-between;
    -ms-flex-pack: justify;
    justify-content: space-between;
  }
}

@media (min-width:700px) {
  .c15 {
    -webkit-flex-direction: row;
    -ms-flex-direction: row;
    flex-direction: row;
  }
}

<div
  class="c0"
  color="#fff"
  data-testid="div_FormSelectHour"
  radius="8"
>
  <div
    class="c1"
  >
    <img
      alt="clock"
      class="c2"
      src="icon-hour.png"
    />
    <p
      class="c3"
      data-testid="text_Text"
    >
      Horário
    </p>
  </div>
  <div
    class="c4"
    data-testid="div_ListItem"
  >
    <div
      class="c5"
    >
      <p
        class="c6"
        data-testid="text_ListItem_text"
      >
        Qual período quer treinar?
      </p>
    </div>
    <p
      class="c6"
      data-testid="text_ListItem_right_text"
    />
  </div>
  <div
    class="c7 "
    data-testid="div_ListItem"
  >
    <div
      class="c5"
    >
      <div
        class="c8"
        data-testid="div_ListItem_radio"
        size="20"
      />
      <p
        class="c6"
        data-testid="text_ListItem_text"
      >
        Manhã
      </p>
    </div>
    <p
      class="c6"
      data-testid="text_ListItem_right_text"
    >
      06:00 às 12:00
    </p>
  </div>
  <div
    class="c7 "
    data-testid="div_ListItem"
  >
    <div
      class="c5"
    >
      <div
        class="c8"
        data-testid="div_ListItem_radio"
        size="20"
      />
      <p
        class="c6"
        data-testid="text_ListItem_text"
      >
        Tarde
      </p>
    </div>
    <p
      class="c6"
      data-testid="text_ListItem_right_text"
    >
      12:01 às 18:00
    </p>
  </div>
  <div
    class="c9 "
    data-testid="div_ListItem"
  >
    <div
      class="c5"
    >
      <div
        class="c8"
        data-testid="div_ListItem_radio"
        size="20"
      />
      <p
        class="c6"
        data-testid="text_ListItem_text"
      >
        Noite
      </p>
    </div>
    <p
      class="c6"
      data-testid="text_ListItem_right_text"
    >
      18:01 às 23:00
    </p>
  </div>
  <div
    class="c10"
  >
    <div
      class="c11"
      data-testid="div_ListItem"
    >
      <div
        class="c5"
      >
        <div
          class="c12"
          data-testid="div_ListItem_checkbox"
          size="20"
        />
        <p
          class="c6"
          data-testid="text_ListItem_text"
        >
          Exibir unidades fechadas
        </p>
      </div>
      <p
        class="c6"
        data-testid="text_ListItem_right_text"
      />
    </div>
    <p
      class="c13"
      data-testid="text_Text"
    >
      Resultados encontrados:
       
      <span
        class="c14"
        data-testid="text_Text"
        size="20"
      >
        0
      </span>
    </p>
  </div>
  <div
    class="c15"
  >
    <div
      class="c16"
      data-testid="button_Button"
    >
      Encontrar unidade
    </div>
    <div
      class="c17"
      data-testid="button_Button"
    >
      Limpar
    </div>
  </div>
</div>
`;
