// Jest Snapshot v1, https://goo.gl/fbAQLP

exports[`Atoms/Radio should render snapshot 1`] = `
.c0 {
  -webkit-align-items: center;
  -webkit-box-align: center;
  -ms-flex-align: center;
  align-items: center;
  background-color: #FFB612;
  border: 3px solid #808080;
  border-radius: 50%;
  cursor: pointer;
  display: -webkit-box;
  display: -webkit-flex;
  display: -ms-flexbox;
  display: flex;
  height: 24px;
  -webkit-box-pack: center;
  -webkit-justify-content: center;
  -ms-flex-pack: center;
  justify-content: center;
  padding: 2px;
  width: 24px;
}

.c0:active {
  -webkit-filter: brightness(105%);
  filter: brightness(105%);
}

.c1 {
  background-color: #000;
  border-radius: 50%;
  height: 12px;
  width: 12px;
}

<div
  class="c0"
  data-testid="div_Text"
  size="24"
>
  <div
    class="c1"
    size="24"
  />
</div>
`;
